- '+5 Dexterity Vest, -179, 0'
- 'Aged Brie, -187, 50'
- 'Elixir of the Mongoose, -184, 0'
- 'Sulfuras, Hand of Ragnaros, 0, 80'
- 'Sulfuras, Hand of Ragnaros, -1, 80'
- 'Backstage passes to a TAFKAL80ETC concert, -174, 0'
- 'Backstage passes to a TAFKAL80ETC concert, -179, 0'
- 'Backstage passes to a TAFKAL80ETC concert, -184, 0'
