- '+5 Dexterity Vest, -72, 0'
- 'Aged Brie, -80, 50'
- 'Elixir of the Mongoose, -77, 0'
- 'Sulfuras, Hand of Ragnaros, 0, 80'
- 'Sulfuras, Hand of Ragnaros, -1, 80'
- 'Backstage passes to a TAFKAL80ETC concert, -67, 0'
- 'Backstage passes to a TAFKAL80ETC concert, -72, 0'
- 'Backstage passes to a TAFKAL80ETC concert, -77, 0'
