- '+5 Dexterity Vest, -247, 0'
- 'Aged Brie, -255, 50'
- 'Elixir of the Mongoose, -252, 0'
- 'Sulfuras, Hand of Ragnaros, 0, 80'
- 'Sulfuras, Hand of Ragnaros, -1, 80'
- 'Backstage passes to a TAFKAL80ETC concert, -242, 0'
- 'Backstage passes to a TAFKAL80ETC concert, -247, 0'
- 'Backstage passes to a TAFKAL80ETC concert, -252, 0'
