- '+5 Dexterity Vest, -187, 0'
- 'Aged Brie, -195, 50'
- 'Elixir of the Mongoose, -192, 0'
- 'Sulfuras, Hand of Ragnaros, 0, 80'
- 'Sulfuras, Hand of Ragnaros, -1, 80'
- 'Backstage passes to a TAFKAL80ETC concert, -182, 0'
- 'Backstage passes to a TAFKAL80ETC concert, -187, 0'
- 'Backstage passes to a TAFKAL80ETC concert, -192, 0'
