- '+5 Dexterity Vest, -151, 0'
- 'Aged Brie, -159, 50'
- 'Elixir of the Mongoose, -156, 0'
- 'Sulfuras, Hand of Ragnaros, 0, 80'
- 'Sulfuras, Hand of Ragnaros, -1, 80'
- 'Backstage passes to a TAFKAL80ETC concert, -146, 0'
- 'Backstage passes to a TAFKAL80ETC concert, -151, 0'
- 'Backstage passes to a TAFKAL80ETC concert, -156, 0'
