- '+5 Dexterity Vest, -166, 0'
- 'Aged Brie, -174, 50'
- 'Elixir of the Mongoose, -171, 0'
- 'Sulfuras, Hand of Ragnaros, 0, 80'
- 'Sulfuras, Hand of Ragnaros, -1, 80'
- 'Backstage passes to a TAFKAL80ETC concert, -161, 0'
- 'Backstage passes to a TAFKAL80ETC concert, -166, 0'
- 'Backstage passes to a TAFKAL80ETC concert, -171, 0'
