- '+5 Dexterity Vest, -239, 0'
- 'Aged Brie, -247, 50'
- 'Elixir of the Mongoose, -244, 0'
- 'Sulfuras, Hand of Ragnaros, 0, 80'
- 'Sulfuras, Hand of Ragnaros, -1, 80'
- 'Backstage passes to a TAFKAL80ETC concert, -234, 0'
- 'Backstage passes to a TAFKAL80ETC concert, -239, 0'
- 'Backstage passes to a TAFKAL80ETC concert, -244, 0'
