- '+5 Dexterity Vest, -162, 0'
- 'Aged Brie, -170, 50'
- 'Elixir of the Mongoose, -167, 0'
- 'Sulfuras, Hand of Ragnaros, 0, 80'
- 'Sulfuras, Hand of Ragnaros, -1, 80'
- 'Backstage passes to a TAFKAL80ETC concert, -157, 0'
- 'Backstage passes to a TAFKAL80ETC concert, -162, 0'
- 'Backstage passes to a TAFKAL80ETC concert, -167, 0'
