- '+5 Dexterity Vest, -195, 0'
- 'Aged Brie, -203, 50'
- 'Elixir of the Mongoose, -200, 0'
- 'Sulfuras, Hand of Ragnaros, 0, 80'
- 'Sulfuras, Hand of Ragnaros, -1, 80'
- 'Backstage passes to a TAFKAL80ETC concert, -190, 0'
- 'Backstage passes to a TAFKAL80ETC concert, -195, 0'
- 'Backstage passes to a TAFKAL80ETC concert, -200, 0'
