- '+5 Dexterity Vest, -199, 0'
- 'Aged Brie, -207, 50'
- 'Elixir of the Mongoose, -204, 0'
- 'Sulfuras, Hand of Ragnaros, 0, 80'
- 'Sulfuras, Hand of Ragnaros, -1, 80'
- 'Backstage passes to a TAFKAL80ETC concert, -194, 0'
- 'Backstage passes to a TAFKAL80ETC concert, -199, 0'
- 'Backstage passes to a TAFKAL80ETC concert, -204, 0'
