- '+5 Dexterity Vest, -135, 0'
- 'Aged Brie, -143, 50'
- 'Elixir of the Mongoose, -140, 0'
- 'Sulfuras, Hand of Ragnaros, 0, 80'
- 'Sulfuras, Hand of Ragnaros, -1, 80'
- 'Backstage passes to a TAFKAL80ETC concert, -130, 0'
- 'Backstage passes to a TAFKAL80ETC concert, -135, 0'
- 'Backstage passes to a TAFKAL80ETC concert, -140, 0'
