- '+5 Dexterity Vest, -282, 0'
- 'Aged Brie, -290, 50'
- 'Elixir of the Mongoose, -287, 0'
- 'Sulfuras, Hand of Ragnaros, 0, 80'
- 'Sulfuras, Hand of Ragnaros, -1, 80'
- 'Backstage passes to a TAFKAL80ETC concert, -277, 0'
- 'Backstage passes to a TAFKAL80ETC concert, -282, 0'
- 'Backstage passes to a TAFKAL80ETC concert, -287, 0'
