- '+5 Dexterity Vest, -255, 0'
- 'Aged Brie, -263, 50'
- 'Elixir of the Mongoose, -260, 0'
- 'Sulfuras, Hand of Ragnaros, 0, 80'
- 'Sulfuras, Hand of Ragnaros, -1, 80'
- 'Backstage passes to a TAFKAL80ETC concert, -250, 0'
- 'Backstage passes to a TAFKAL80ETC concert, -255, 0'
- 'Backstage passes to a TAFKAL80ETC concert, -260, 0'
