- '+5 Dexterity Vest, -15, 0'
- 'Aged Brie, -23, 48'
- 'Elixir of the Mongoose, -20, 0'
- 'Sulfuras, Hand of Ragnaros, 0, 80'
- 'Sulfuras, Hand of Ragnaros, -1, 80'
- 'Backstage passes to a TAFKAL80ETC concert, -10, 0'
- 'Backstage passes to a TAFKAL80ETC concert, -15, 0'
- 'Backstage passes to a TAFKAL80ETC concert, -20, 0'
