- '+5 Dexterity Vest, -294, 0'
- 'Aged Brie, -302, 50'
- 'Elixir of the Mongoose, -299, 0'
- 'Sulfuras, Hand of Ragnaros, 0, 80'
- 'Sulfuras, Hand of Ragnaros, -1, 80'
- 'Backstage passes to a TAFKAL80ETC concert, -289, 0'
- 'Backstage passes to a TAFKAL80ETC concert, -294, 0'
- 'Backstage passes to a TAFKAL80ETC concert, -299, 0'
