- '+5 Dexterity Vest, -230, 0'
- 'Aged Brie, -238, 50'
- 'Elixir of the Mongoose, -235, 0'
- 'Sulfuras, Hand of Ragnaros, 0, 80'
- 'Sulfuras, Hand of Ragnaros, -1, 80'
- 'Backstage passes to a TAFKAL80ETC concert, -225, 0'
- 'Backstage passes to a TAFKAL80ETC concert, -230, 0'
- 'Backstage passes to a TAFKAL80ETC concert, -235, 0'
