- '+5 Dexterity Vest, -185, 0'
- 'Aged Brie, -193, 50'
- 'Elixir of the Mongoose, -190, 0'
- 'Sulfuras, Hand of Ragnaros, 0, 80'
- 'Sulfuras, Hand of Ragnaros, -1, 80'
- 'Backstage passes to a TAFKAL80ETC concert, -180, 0'
- 'Backstage passes to a TAFKAL80ETC concert, -185, 0'
- 'Backstage passes to a TAFKAL80ETC concert, -190, 0'
