- '+5 Dexterity Vest, -349, 0'
- 'Aged Brie, -357, 50'
- 'Elixir of the Mongoose, -354, 0'
- 'Sulfuras, Hand of Ragnaros, 0, 80'
- 'Sulfuras, Hand of Ragnaros, -1, 80'
- 'Backstage passes to a TAFKAL80ETC concert, -344, 0'
- 'Backstage passes to a TAFKAL80ETC concert, -349, 0'
- 'Backstage passes to a TAFKAL80ETC concert, -354, 0'
