- '+5 Dexterity Vest, -78, 0'
- 'Aged Brie, -86, 50'
- 'Elixir of the Mongoose, -83, 0'
- 'Sulfuras, Hand of Ragnaros, 0, 80'
- 'Sulfuras, Hand of Ragnaros, -1, 80'
- 'Backstage passes to a TAFKAL80ETC concert, -73, 0'
- 'Backstage passes to a TAFKAL80ETC concert, -78, 0'
- 'Backstage passes to a TAFKAL80ETC concert, -83, 0'
