- '+5 Dexterity Vest, -164, 0'
- 'Aged Brie, -172, 50'
- 'Elixir of the Mongoose, -169, 0'
- 'Sulfuras, Hand of Ragnaros, 0, 80'
- 'Sulfuras, Hand of Ragnaros, -1, 80'
- 'Backstage passes to a TAFKAL80ETC concert, -159, 0'
- 'Backstage passes to a TAFKAL80ETC concert, -164, 0'
- 'Backstage passes to a TAFKAL80ETC concert, -169, 0'
