- '+5 Dexterity Vest, -290, 0'
- 'Aged Brie, -298, 50'
- 'Elixir of the Mongoose, -295, 0'
- 'Sulfuras, Hand of Ragnaros, 0, 80'
- 'Sulfuras, Hand of Ragnaros, -1, 80'
- 'Backstage passes to a TAFKAL80ETC concert, -285, 0'
- 'Backstage passes to a TAFKAL80ETC concert, -290, 0'
- 'Backstage passes to a TAFKAL80ETC concert, -295, 0'
