- '+5 Dexterity Vest, -98, 0'
- 'Aged Brie, -106, 50'
- 'Elixir of the Mongoose, -103, 0'
- 'Sulfuras, Hand of Ragnaros, 0, 80'
- 'Sulfuras, Hand of Ragnaros, -1, 80'
- 'Backstage passes to a TAFKAL80ETC concert, -93, 0'
- 'Backstage passes to a TAFKAL80ETC concert, -98, 0'
- 'Backstage passes to a TAFKAL80ETC concert, -103, 0'
