- '+5 Dexterity Vest, -32, 0'
- 'Aged Brie, -40, 50'
- 'Elixir of the Mongoose, -37, 0'
- 'Sulfuras, Hand of Ragnaros, 0, 80'
- 'Sulfuras, Hand of Ragnaros, -1, 80'
- 'Backstage passes to a TAFKAL80ETC concert, -27, 0'
- 'Backstage passes to a TAFKAL80ETC concert, -32, 0'
- 'Backstage passes to a TAFKAL80ETC concert, -37, 0'
