- '+5 Dexterity Vest, -271, 0'
- 'Aged Brie, -279, 50'
- 'Elixir of the Mongoose, -276, 0'
- 'Sulfuras, Hand of Ragnaros, 0, 80'
- 'Sulfuras, Hand of Ragnaros, -1, 80'
- 'Backstage passes to a TAFKAL80ETC concert, -266, 0'
- 'Backstage passes to a TAFKAL80ETC concert, -271, 0'
- 'Backstage passes to a TAFKAL80ETC concert, -276, 0'
