- '+5 Dexterity Vest, -70, 0'
- 'Aged Brie, -78, 50'
- 'Elixir of the Mongoose, -75, 0'
- 'Sulfuras, Hand of Ragnaros, 0, 80'
- 'Sulfuras, Hand of Ragnaros, -1, 80'
- 'Backstage passes to a TAFKAL80ETC concert, -65, 0'
- 'Backstage passes to a TAFKAL80ETC concert, -70, 0'
- 'Backstage passes to a TAFKAL80ETC concert, -75, 0'
