- '+5 Dexterity Vest, -351, 0'
- 'Aged Brie, -359, 50'
- 'Elixir of the Mongoose, -356, 0'
- 'Sulfuras, Hand of Ragnaros, 0, 80'
- 'Sulfuras, Hand of Ragnaros, -1, 80'
- 'Backstage passes to a TAFKAL80ETC concert, -346, 0'
- 'Backstage passes to a TAFKAL80ETC concert, -351, 0'
- 'Backstage passes to a TAFKAL80ETC concert, -356, 0'
