- '+5 Dexterity Vest, -246, 0'
- 'Aged Brie, -254, 50'
- 'Elixir of the Mongoose, -251, 0'
- 'Sulfuras, Hand of Ragnaros, 0, 80'
- 'Sulfuras, Hand of Ragnaros, -1, 80'
- 'Backstage passes to a TAFKAL80ETC concert, -241, 0'
- 'Backstage passes to a TAFKAL80ETC concert, -246, 0'
- 'Backstage passes to a TAFKAL80ETC concert, -251, 0'
