- '+5 Dexterity Vest, -194, 0'
- 'Aged Brie, -202, 50'
- 'Elixir of the Mongoose, -199, 0'
- 'Sulfuras, Hand of Ragnaros, 0, 80'
- 'Sulfuras, Hand of Ragnaros, -1, 80'
- 'Backstage passes to a TAFKAL80ETC concert, -189, 0'
- 'Backstage passes to a TAFKAL80ETC concert, -194, 0'
- 'Backstage passes to a TAFKAL80ETC concert, -199, 0'
