- '+5 Dexterity Vest, -328, 0'
- 'Aged Brie, -336, 50'
- 'Elixir of the Mongoose, -333, 0'
- 'Sulfuras, Hand of Ragnaros, 0, 80'
- 'Sulfuras, Hand of Ragnaros, -1, 80'
- 'Backstage passes to a TAFKAL80ETC concert, -323, 0'
- 'Backstage passes to a TAFKAL80ETC concert, -328, 0'
- 'Backstage passes to a TAFKAL80ETC concert, -333, 0'
