- '+5 Dexterity Vest, -56, 0'
- 'Aged Brie, -64, 50'
- 'Elixir of the Mongoose, -61, 0'
- 'Sulfuras, Hand of Ragnaros, 0, 80'
- 'Sulfuras, Hand of Ragnaros, -1, 80'
- 'Backstage passes to a TAFKAL80ETC concert, -51, 0'
- 'Backstage passes to a TAFKAL80ETC concert, -56, 0'
- 'Backstage passes to a TAFKAL80ETC concert, -61, 0'
