- '+5 Dexterity Vest, -186, 0'
- 'Aged Brie, -194, 50'
- 'Elixir of the Mongoose, -191, 0'
- 'Sulfuras, Hand of Ragnaros, 0, 80'
- 'Sulfuras, Hand of Ragnaros, -1, 80'
- 'Backstage passes to a TAFKAL80ETC concert, -181, 0'
- 'Backstage passes to a TAFKAL80ETC concert, -186, 0'
- 'Backstage passes to a TAFKAL80ETC concert, -191, 0'
