- '+5 Dexterity Vest, -82, 0'
- 'Aged Brie, -90, 50'
- 'Elixir of the Mongoose, -87, 0'
- 'Sulfuras, Hand of Ragnaros, 0, 80'
- 'Sulfuras, Hand of Ragnaros, -1, 80'
- 'Backstage passes to a TAFKAL80ETC concert, -77, 0'
- 'Backstage passes to a TAFKAL80ETC concert, -82, 0'
- 'Backstage passes to a TAFKAL80ETC concert, -87, 0'
