- '+5 Dexterity Vest, -111, 0'
- 'Aged Brie, -119, 50'
- 'Elixir of the Mongoose, -116, 0'
- 'Sulfuras, Hand of Ragnaros, 0, 80'
- 'Sulfuras, Hand of Ragnaros, -1, 80'
- 'Backstage passes to a TAFKAL80ETC concert, -106, 0'
- 'Backstage passes to a TAFKAL80ETC concert, -111, 0'
- 'Backstage passes to a TAFKAL80ETC concert, -116, 0'
