- '+5 Dexterity Vest, -96, 0'
- 'Aged Brie, -104, 50'
- 'Elixir of the Mongoose, -101, 0'
- 'Sulfuras, Hand of Ragnaros, 0, 80'
- 'Sulfuras, Hand of Ragnaros, -1, 80'
- 'Backstage passes to a TAFKAL80ETC concert, -91, 0'
- 'Backstage passes to a TAFKAL80ETC concert, -96, 0'
- 'Backstage passes to a TAFKAL80ETC concert, -101, 0'
