- '+5 Dexterity Vest, -285, 0'
- 'Aged Brie, -293, 50'
- 'Elixir of the Mongoose, -290, 0'
- 'Sulfuras, Hand of Ragnaros, 0, 80'
- 'Sulfuras, Hand of Ragnaros, -1, 80'
- 'Backstage passes to a TAFKAL80ETC concert, -280, 0'
- 'Backstage passes to a TAFKAL80ETC concert, -285, 0'
- 'Backstage passes to a TAFKAL80ETC concert, -290, 0'
