- '+5 Dexterity Vest, -180, 0'
- 'Aged Brie, -188, 50'
- 'Elixir of the Mongoose, -185, 0'
- 'Sulfuras, Hand of Ragnaros, 0, 80'
- 'Sulfuras, Hand of Ragnaros, -1, 80'
- 'Backstage passes to a TAFKAL80ETC concert, -175, 0'
- 'Backstage passes to a TAFKAL80ETC concert, -180, 0'
- 'Backstage passes to a TAFKAL80ETC concert, -185, 0'
