- '+5 Dexterity Vest, -224, 0'
- 'Aged Brie, -232, 50'
- 'Elixir of the Mongoose, -229, 0'
- 'Sulfuras, Hand of Ragnaros, 0, 80'
- 'Sulfuras, Hand of Ragnaros, -1, 80'
- 'Backstage passes to a TAFKAL80ETC concert, -219, 0'
- 'Backstage passes to a TAFKAL80ETC concert, -224, 0'
- 'Backstage passes to a TAFKAL80ETC concert, -229, 0'
