- '+5 Dexterity Vest, -196, 0'
- 'Aged Brie, -204, 50'
- 'Elixir of the Mongoose, -201, 0'
- 'Sulfuras, Hand of Ragnaros, 0, 80'
- 'Sulfuras, Hand of Ragnaros, -1, 80'
- 'Backstage passes to a TAFKAL80ETC concert, -191, 0'
- 'Backstage passes to a TAFKAL80ETC concert, -196, 0'
- 'Backstage passes to a TAFKAL80ETC concert, -201, 0'
