- '+5 Dexterity Vest, -176, 0'
- 'Aged Brie, -184, 50'
- 'Elixir of the Mongoose, -181, 0'
- 'Sulfuras, Hand of Ragnaros, 0, 80'
- 'Sulfuras, Hand of Ragnaros, -1, 80'
- 'Backstage passes to a TAFKAL80ETC concert, -171, 0'
- 'Backstage passes to a TAFKAL80ETC concert, -176, 0'
- 'Backstage passes to a TAFKAL80ETC concert, -181, 0'
