- '+5 Dexterity Vest, -219, 0'
- 'Aged Brie, -227, 50'
- 'Elixir of the Mongoose, -224, 0'
- 'Sulfuras, Hand of Ragnaros, 0, 80'
- 'Sulfuras, Hand of Ragnaros, -1, 80'
- 'Backstage passes to a TAFKAL80ETC concert, -214, 0'
- 'Backstage passes to a TAFKAL80ETC concert, -219, 0'
- 'Backstage passes to a TAFKAL80ETC concert, -224, 0'
