- '+5 Dexterity Vest, -147, 0'
- 'Aged Brie, -155, 50'
- 'Elixir of the Mongoose, -152, 0'
- 'Sulfuras, Hand of Ragnaros, 0, 80'
- 'Sulfuras, Hand of Ragnaros, -1, 80'
- 'Backstage passes to a TAFKAL80ETC concert, -142, 0'
- 'Backstage passes to a TAFKAL80ETC concert, -147, 0'
- 'Backstage passes to a TAFKAL80ETC concert, -152, 0'
