- '+5 Dexterity Vest, -281, 0'
- 'Aged Brie, -289, 50'
- 'Elixir of the Mongoose, -286, 0'
- 'Sulfuras, Hand of Ragnaros, 0, 80'
- 'Sulfuras, Hand of Ragnaros, -1, 80'
- 'Backstage passes to a TAFKAL80ETC concert, -276, 0'
- 'Backstage passes to a TAFKAL80ETC concert, -281, 0'
- 'Backstage passes to a TAFKAL80ETC concert, -286, 0'
