- '+5 Dexterity Vest, -23, 0'
- 'Aged Brie, -31, 50'
- 'Elixir of the Mongoose, -28, 0'
- 'Sulfuras, Hand of Ragnaros, 0, 80'
- 'Sulfuras, Hand of Ragnaros, -1, 80'
- 'Backstage passes to a TAFKAL80ETC concert, -18, 0'
- 'Backstage passes to a TAFKAL80ETC concert, -23, 0'
- 'Backstage passes to a TAFKAL80ETC concert, -28, 0'
