- '+5 Dexterity Vest, -238, 0'
- 'Aged Brie, -246, 50'
- 'Elixir of the Mongoose, -243, 0'
- 'Sulfuras, Hand of Ragnaros, 0, 80'
- 'Sulfuras, Hand of Ragnaros, -1, 80'
- 'Backstage passes to a TAFKAL80ETC concert, -233, 0'
- 'Backstage passes to a TAFKAL80ETC concert, -238, 0'
- 'Backstage passes to a TAFKAL80ETC concert, -243, 0'
