- '+5 Dexterity Vest, -160, 0'
- 'Aged Brie, -168, 50'
- 'Elixir of the Mongoose, -165, 0'
- 'Sulfuras, Hand of Ragnaros, 0, 80'
- 'Sulfuras, Hand of Ragnaros, -1, 80'
- 'Backstage passes to a TAFKAL80ETC concert, -155, 0'
- 'Backstage passes to a TAFKAL80ETC concert, -160, 0'
- 'Backstage passes to a TAFKAL80ETC concert, -165, 0'
