- '+5 Dexterity Vest, -283, 0'
- 'Aged Brie, -291, 50'
- 'Elixir of the Mongoose, -288, 0'
- 'Sulfuras, Hand of Ragnaros, 0, 80'
- 'Sulfuras, Hand of Ragnaros, -1, 80'
- 'Backstage passes to a TAFKAL80ETC concert, -278, 0'
- 'Backstage passes to a TAFKAL80ETC concert, -283, 0'
- 'Backstage passes to a TAFKAL80ETC concert, -288, 0'
