- '+5 Dexterity Vest, -340, 0'
- 'Aged Brie, -348, 50'
- 'Elixir of the Mongoose, -345, 0'
- 'Sulfuras, Hand of Ragnaros, 0, 80'
- 'Sulfuras, Hand of Ragnaros, -1, 80'
- 'Backstage passes to a TAFKAL80ETC concert, -335, 0'
- 'Backstage passes to a TAFKAL80ETC concert, -340, 0'
- 'Backstage passes to a TAFKAL80ETC concert, -345, 0'
