- '+5 Dexterity Vest, -113, 0'
- 'Aged Brie, -121, 50'
- 'Elixir of the Mongoose, -118, 0'
- 'Sulfuras, Hand of Ragnaros, 0, 80'
- 'Sulfuras, Hand of Ragnaros, -1, 80'
- 'Backstage passes to a TAFKAL80ETC concert, -108, 0'
- 'Backstage passes to a TAFKAL80ETC concert, -113, 0'
- 'Backstage passes to a TAFKAL80ETC concert, -118, 0'
